[2025-08-04 13:17:40 +0000] [135130] [INFO] Starting gunicorn 23.0.0
[2025-08-04 13:17:40 +0000] [135130] [INFO] Listening at: http://127.0.0.1:8000 (135130)
[2025-08-04 13:17:40 +0000] [135130] [INFO] Using worker: uvicorn.workers.UvicornWorker
[2025-08-04 13:17:40 +0000] [135131] [INFO] Booting worker with pid: 135131
[2025-08-04 13:17:40 +0000] [135131] [ERROR] Exception in worker process
Traceback (most recent call last):
  File "/var/www/html/pim_flow_laravel/app/Script/venv/lib/python3.12/site-packages/gunicorn/arbiter.py", line 608, in spawn_worker
    worker.init_process()
  File "/var/www/html/pim_flow_laravel/app/Script/venv/lib/python3.12/site-packages/uvicorn/workers.py", line 75, in init_process
    super().init_process()
  File "/var/www/html/pim_flow_laravel/app/Script/venv/lib/python3.12/site-packages/gunicorn/workers/base.py", line 135, in init_process
    self.load_wsgi()
  File "/var/www/html/pim_flow_laravel/app/Script/venv/lib/python3.12/site-packages/gunicorn/workers/base.py", line 147, in load_wsgi
    self.wsgi = self.app.wsgi()
                ^^^^^^^^^^^^^^^
  File "/var/www/html/pim_flow_laravel/app/Script/venv/lib/python3.12/site-packages/gunicorn/app/base.py", line 66, in wsgi
    self.callable = self.load()
                    ^^^^^^^^^^^
  File "/var/www/html/pim_flow_laravel/app/Script/venv/lib/python3.12/site-packages/gunicorn/app/wsgiapp.py", line 57, in load
    return self.load_wsgiapp()
           ^^^^^^^^^^^^^^^^^^^
  File "/var/www/html/pim_flow_laravel/app/Script/venv/lib/python3.12/site-packages/gunicorn/app/wsgiapp.py", line 47, in load_wsgiapp
    return util.import_app(self.app_uri)
           ^^^^^^^^^^^^^^^^^^^^^^^^^^^^^
  File "/var/www/html/pim_flow_laravel/app/Script/venv/lib/python3.12/site-packages/gunicorn/util.py", line 370, in import_app
    mod = importlib.import_module(module)
          ^^^^^^^^^^^^^^^^^^^^^^^^^^^^^^^
  File "/usr/lib/python3.12/importlib/__init__.py", line 90, in import_module
    return _bootstrap._gcd_import(name[level:], package, level)
           ^^^^^^^^^^^^^^^^^^^^^^^^^^^^^^^^^^^^^^^^^^^^^^^^^^^^
  File "<frozen importlib._bootstrap>", line 1387, in _gcd_import
  File "<frozen importlib._bootstrap>", line 1360, in _find_and_load
  File "<frozen importlib._bootstrap>", line 1324, in _find_and_load_unlocked
ModuleNotFoundError: No module named 'nlp_v5'
[2025-08-04 13:17:40 +0000] [135131] [INFO] Worker exiting (pid: 135131)
[2025-08-04 13:17:40 +0000] [135132] [INFO] Booting worker with pid: 135132
[2025-08-04 13:17:40 +0000] [135132] [ERROR] Exception in worker process
Traceback (most recent call last):
  File "/var/www/html/pim_flow_laravel/app/Script/venv/lib/python3.12/site-packages/gunicorn/arbiter.py", line 608, in spawn_worker
    worker.init_process()
  File "/var/www/html/pim_flow_laravel/app/Script/venv/lib/python3.12/site-packages/uvicorn/workers.py", line 75, in init_process
    super().init_process()
  File "/var/www/html/pim_flow_laravel/app/Script/venv/lib/python3.12/site-packages/gunicorn/workers/base.py", line 135, in init_process
    self.load_wsgi()
  File "/var/www/html/pim_flow_laravel/app/Script/venv/lib/python3.12/site-packages/gunicorn/workers/base.py", line 147, in load_wsgi
    self.wsgi = self.app.wsgi()
                ^^^^^^^^^^^^^^^
  File "/var/www/html/pim_flow_laravel/app/Script/venv/lib/python3.12/site-packages/gunicorn/app/base.py", line 66, in wsgi
    self.callable = self.load()
                    ^^^^^^^^^^^
  File "/var/www/html/pim_flow_laravel/app/Script/venv/lib/python3.12/site-packages/gunicorn/app/wsgiapp.py", line 57, in load
    return self.load_wsgiapp()
           ^^^^^^^^^^^^^^^^^^^
  File "/var/www/html/pim_flow_laravel/app/Script/venv/lib/python3.12/site-packages/gunicorn/app/wsgiapp.py", line 47, in load_wsgiapp
    return util.import_app(self.app_uri)
           ^^^^^^^^^^^^^^^^^^^^^^^^^^^^^
  File "/var/www/html/pim_flow_laravel/app/Script/venv/lib/python3.12/site-packages/gunicorn/util.py", line 370, in import_app
    mod = importlib.import_module(module)
          ^^^^^^^^^^^^^^^^^^^^^^^^^^^^^^^
  File "/usr/lib/python3.12/importlib/__init__.py", line 90, in import_module
    return _bootstrap._gcd_import(name[level:], package, level)
           ^^^^^^^^^^^^^^^^^^^^^^^^^^^^^^^^^^^^^^^^^^^^^^^^^^^^
  File "<frozen importlib._bootstrap>", line 1387, in _gcd_import
  File "<frozen importlib._bootstrap>", line 1360, in _find_and_load
  File "<frozen importlib._bootstrap>", line 1324, in _find_and_load_unlocked
ModuleNotFoundError: No module named 'nlp_v5'
[2025-08-04 13:17:40 +0000] [135132] [INFO] Worker exiting (pid: 135132)
[2025-08-04 13:17:40 +0000] [135130] [ERROR] Worker (pid:135131) exited with code 3
[2025-08-04 13:17:40 +0000] [135130] [ERROR] Worker (pid:135132) was sent SIGTERM!
[2025-08-04 13:17:40 +0000] [135130] [ERROR] Shutting down: Master
[2025-08-04 13:17:40 +0000] [135130] [ERROR] Reason: Worker failed to boot.
